Verdi (R)

Release Verdi_R-2020.12-SP2 for (RH Linux x86_64/64bit) -- Sun May 23 06:15:35 PDT 2021

Copyright (c) 1999 - 2021 Synopsys, Inc.
This software and the associated documentation are proprietary to Synopsys, Inc. 
This software may only be used in accordance with the terms and conditions of a written license agreement with Synopsys, Inc. 
All other use, reproduction, or distribution of this software is strictly prohibited.


Total number of converted HDL2CELL cells=0 (normal modules=0)
Inferring module dff_async_rst, file /mnt/vol_NFS_rh003/Est_Veri_II2026/CASTRO_VELASQUEZ_ERIC_VeriII26/P1/Verificacion_funcional_2026/EDA_VCS/fifo.sv, line 6~19 (Verilog)

Inferring module tri_buf, file /mnt/vol_NFS_rh003/Est_Veri_II2026/CASTRO_VELASQUEZ_ERIC_VeriII26/P1/Verificacion_funcional_2026/EDA_VCS/Library.sv, line 10~19 (Verilog)

Inferring module Counter_arb, file /mnt/vol_NFS_rh003/Est_Veri_II2026/CASTRO_VELASQUEZ_ERIC_VeriII26/P1/Verificacion_funcional_2026/EDA_VCS/Library.sv, line 512~529 (Verilog)

Inferring module Arbiter_st_Mchn, file /mnt/vol_NFS_rh003/Est_Veri_II2026/CASTRO_VELASQUEZ_ERIC_VeriII26/P1/Verificacion_funcional_2026/EDA_VCS/Library.sv, line 629~650 (Verilog)

Inferring module Counter, file /mnt/vol_NFS_rh003/Est_Veri_II2026/CASTRO_VELASQUEZ_ERIC_VeriII26/P1/Verificacion_funcional_2026/EDA_VCS/Library.sv, line 79~91 (Verilog)

Inferring module Read_st_Mchn, file /mnt/vol_NFS_rh003/Est_Veri_II2026/CASTRO_VELASQUEZ_ERIC_VeriII26/P1/Verificacion_funcional_2026/EDA_VCS/Library.sv, line 97~209 (Verilog)

Inferring module Write_st_Mchn, file /mnt/vol_NFS_rh003/Est_Veri_II2026/CASTRO_VELASQUEZ_ERIC_VeriII26/P1/Verificacion_funcional_2026/EDA_VCS/Library.sv, line 215~340 (Verilog)

Inferring module ntrfs_cntrl_n_rbtr, file /mnt/vol_NFS_rh003/Est_Veri_II2026/CASTRO_VELASQUEZ_ERIC_VeriII26/P1/Verificacion_funcional_2026/EDA_VCS/Library.sv, line 657~765 (Verilog)

Inferring module parallel_serial, file /mnt/vol_NFS_rh003/Est_Veri_II2026/CASTRO_VELASQUEZ_ERIC_VeriII26/P1/Verificacion_funcional_2026/EDA_VCS/Library.sv, line 25~40 (Verilog)

Inferring module serializer, file /mnt/vol_NFS_rh003/Est_Veri_II2026/CASTRO_VELASQUEZ_ERIC_VeriII26/P1/Verificacion_funcional_2026/EDA_VCS/Library.sv, line 47~73 (Verilog)

Inferring module bs_ntrfs_n_rbtr, file /mnt/vol_NFS_rh003/Est_Veri_II2026/CASTRO_VELASQUEZ_ERIC_VeriII26/P1/Verificacion_funcional_2026/EDA_VCS/Library.sv, line 770~832 (Verilog)

Inferring module ntrfs_cntrl_n_rbtr, file /mnt/vol_NFS_rh003/Est_Veri_II2026/CASTRO_VELASQUEZ_ERIC_VeriII26/P1/Verificacion_funcional_2026/EDA_VCS/Library.sv, line 657~765 (Verilog)

Inferring module bs_ntrfs_n_rbtr, file /mnt/vol_NFS_rh003/Est_Veri_II2026/CASTRO_VELASQUEZ_ERIC_VeriII26/P1/Verificacion_funcional_2026/EDA_VCS/Library.sv, line 770~832 (Verilog)

Inferring module ntrfs_cntrl_n_rbtr, file /mnt/vol_NFS_rh003/Est_Veri_II2026/CASTRO_VELASQUEZ_ERIC_VeriII26/P1/Verificacion_funcional_2026/EDA_VCS/Library.sv, line 657~765 (Verilog)

Inferring module bs_ntrfs_n_rbtr, file /mnt/vol_NFS_rh003/Est_Veri_II2026/CASTRO_VELASQUEZ_ERIC_VeriII26/P1/Verificacion_funcional_2026/EDA_VCS/Library.sv, line 770~832 (Verilog)

Inferring module ntrfs_cntrl_n_rbtr, file /mnt/vol_NFS_rh003/Est_Veri_II2026/CASTRO_VELASQUEZ_ERIC_VeriII26/P1/Verificacion_funcional_2026/EDA_VCS/Library.sv, line 657~765 (Verilog)

Inferring module bs_ntrfs_n_rbtr, file /mnt/vol_NFS_rh003/Est_Veri_II2026/CASTRO_VELASQUEZ_ERIC_VeriII26/P1/Verificacion_funcional_2026/EDA_VCS/Library.sv, line 770~832 (Verilog)

Inferring module bs_gnrtr_n_rbtr, file /mnt/vol_NFS_rh003/Est_Veri_II2026/CASTRO_VELASQUEZ_ERIC_VeriII26/P1/Verificacion_funcional_2026/EDA_VCS/Library.sv, line 838~873 (Verilog)


Verdi design analysis: total error(s) 0, total warning(s) 0.
