version: (200506)

available memory: 64M bytes
used memory: 688128 bytes [need 672K bytes if disable swap]

used block: 42 [memory(42) file(0)]
                 [ 8K(36) 64K(6) { total 672K bytes } ]
overhead: (9572) bytes for (42) blocks [Average: (227) bytes/block]

write  => 0(times) 0K(bytes) [0K bytes to file]
read   => 6(times) 237K(bytes) [39K bytes compressed data from file]
access => 3661454(times) 28692M(bytes)
          [hit ratio: 99.9998%]

time: write(0) read(0)  unit: second

swap file directory: (/mnt/vol_NFS_rh003/Est_Veri_II2026/CASTRO_VELASQUEZ_ERIC_VeriII26/P1/Verificacion_funcional_2026/EDA_VCS/sim/bcast_param/verdiLog)
used swap file number: (7)



swap file manager:
arrSize: (256)
idxCnt: (8)
closeHead: (1)
closeTail: (7)
openCnt: (6)
fid(7): fd(1073741828) fileName(/mnt/vol_NFS_rh003/Est_Veri_II2026/CASTRO_VELASQUEZ_ERIC_VeriII26/P1/Verificacion_funcional_2026/EDA_VCS/sim/bcast_param/simv.daidir/kdb.elab++/work.lib++/monitor.sv#inc___vcs_unit__1__9#.tdc)
	size(4445) lastModTime(1790833342) curModTime(1790833342)
	mode(rb)	hot(0) cool(6) pos(0)
fid(6): fd(1073741827) fileName(/mnt/vol_NFS_rh003/Est_Veri_II2026/CASTRO_VELASQUEZ_ERIC_VeriII26/P1/Verificacion_funcional_2026/EDA_VCS/sim/bcast_param/simv.daidir/kdb.elab++/work.lib++/bus_if.sv#inc___vcs_unit__1__4#.tdc)
	size(2778) lastModTime(1790833342) curModTime(1790833342)
	mode(rb)	hot(7) cool(5) pos(0)
fid(5): fd(1073741826) fileName(/mnt/vol_NFS_rh003/Est_Veri_II2026/CASTRO_VELASQUEZ_ERIC_VeriII26/P1/Verificacion_funcional_2026/EDA_VCS/sim/bcast_param/simv.daidir/kdb.elab++/work.lib++/testbench.sv.tdc)
	size(11315) lastModTime(1790833342) curModTime(1790833342)
	mode(rb)	hot(6) cool(4) pos(0)
fid(4): fd(1073741825) fileName(/mnt/vol_NFS_rh003/Est_Veri_II2026/CASTRO_VELASQUEZ_ERIC_VeriII26/P1/Verificacion_funcional_2026/EDA_VCS/sim/bcast_param/simv.daidir/kdb.elab++/work.lib++/Library.sv#inc___vcs_unit__1__1#.tdc)
	size(42870) lastModTime(1790833342) curModTime(1790833342)
	mode(rb)	hot(5) cool(2) pos(0)
fid(3): fd(0) fileName(/mnt/vol_NFS_rh003/Est_Veri_II2026/CASTRO_VELASQUEZ_ERIC_VeriII26/P1/Verificacion_funcional_2026/EDA_VCS/sim/bcast_param/simv.daidir/kdb.elab++/work.lib++/tx_transaction.sv#inc___vcs_unit__1__5#.tdc)
	size(4102) lastModTime(1790833342) curModTime(1790833342)
	mode(rb)	hot(0) cool(0) pos(0)
fid(2): fd(25) fileName(/mnt/vol_NFS_rh003/Est_Veri_II2026/CASTRO_VELASQUEZ_ERIC_VeriII26/P1/Verificacion_funcional_2026/EDA_VCS/sim/bcast_param/verdiLog/_swap_0001#8323328#449572)
	size(0) lastModTime(0) curModTime(1790833360)
	mode(w+b)	hot(4) cool(1) pos(0)
fid(1): fd(1073741824) fileName(/mnt/vol_NFS_rh003/Est_Veri_II2026/CASTRO_VELASQUEZ_ERIC_VeriII26/P1/Verificacion_funcional_2026/EDA_VCS/sim/bcast_param/simv.daidir/kdb.elab++/work.lib++/fifo.sv#inc___vcs_unit__1__2#.tdc)
	size(26576) lastModTime(1790833342) curModTime(1790833342)
	mode(rb)	hot(2) cool(0) pos(0)
fid(0): fd(0) fileName(NULL)
	mode(NULL)	hot(0) cool(0) pos(0)
==================================================
mySelf(179f4d20) pre(16ec9550) next(0)
version(200506)
date(May 19 2021 05:00:27)
