Command: vcs -full64 -sverilog -timescale=1ns/1ns +vcs+flush+all +warn=all +lint=TFIPC-L \
-kdb -lca -debug_access+all +incdir+/mnt/vol_NFS_rh003/Est_Veri_II2026/CASTRO_VELASQUEZ_ERIC_VeriII26/P1/Verificacion_funcional_2026/EDA_VCS \
+define+BROADCAST=240+SCENARIO=SC_BCAST_PARAM /mnt/vol_NFS_rh003/Est_Veri_II2026/CASTRO_VELASQUEZ_ERIC_VeriII26/P1/Verificacion_funcional_2026/EDA_VCS/testbench.sv \
-o simv -l compile.log
                         Chronologic VCS (TM)
       Version R-2020.12-SP2_Full64 -- Wed Sep 30 23:42:22 2026

                    Copyright (c) 1991 - 2021 Synopsys, Inc.
   This software and the associated documentation are proprietary to Synopsys,
 Inc. This software may only be used in accordance with the terms and conditions
 of a written license agreement with Synopsys, Inc. All other use, reproduction,
            or distribution of this software is strictly prohibited.


Warning-[LCA_FEATURES_ENABLED] Usage warning
  LCA features enabled by '-lca' argument on the command line.  For more 
  information regarding list of LCA features please refer to Chapter "LCA 
  features" in the VCS Release Notes

Parsing design file '/mnt/vol_NFS_rh003/Est_Veri_II2026/CASTRO_VELASQUEZ_ERIC_VeriII26/P1/Verificacion_funcional_2026/EDA_VCS/testbench.sv'
Parsing included file '/mnt/vol_NFS_rh003/Est_Veri_II2026/CASTRO_VELASQUEZ_ERIC_VeriII26/P1/Verificacion_funcional_2026/EDA_VCS/Library.sv'.
Parsing included file '/mnt/vol_NFS_rh003/Est_Veri_II2026/CASTRO_VELASQUEZ_ERIC_VeriII26/P1/Verificacion_funcional_2026/EDA_VCS/fifo.sv'.
Back to file '/mnt/vol_NFS_rh003/Est_Veri_II2026/CASTRO_VELASQUEZ_ERIC_VeriII26/P1/Verificacion_funcional_2026/EDA_VCS/Library.sv'.
Back to file '/mnt/vol_NFS_rh003/Est_Veri_II2026/CASTRO_VELASQUEZ_ERIC_VeriII26/P1/Verificacion_funcional_2026/EDA_VCS/testbench.sv'.
Parsing included file '/mnt/vol_NFS_rh003/Est_Veri_II2026/CASTRO_VELASQUEZ_ERIC_VeriII26/P1/Verificacion_funcional_2026/EDA_VCS/tb_pkg.sv'.
Back to file '/mnt/vol_NFS_rh003/Est_Veri_II2026/CASTRO_VELASQUEZ_ERIC_VeriII26/P1/Verificacion_funcional_2026/EDA_VCS/testbench.sv'.
Parsing included file '/mnt/vol_NFS_rh003/Est_Veri_II2026/CASTRO_VELASQUEZ_ERIC_VeriII26/P1/Verificacion_funcional_2026/EDA_VCS/bus_if.sv'.
Back to file '/mnt/vol_NFS_rh003/Est_Veri_II2026/CASTRO_VELASQUEZ_ERIC_VeriII26/P1/Verificacion_funcional_2026/EDA_VCS/testbench.sv'.
Parsing included file '/mnt/vol_NFS_rh003/Est_Veri_II2026/CASTRO_VELASQUEZ_ERIC_VeriII26/P1/Verificacion_funcional_2026/EDA_VCS/tx_transaction.sv'.
Back to file '/mnt/vol_NFS_rh003/Est_Veri_II2026/CASTRO_VELASQUEZ_ERIC_VeriII26/P1/Verificacion_funcional_2026/EDA_VCS/testbench.sv'.
Parsing included file '/mnt/vol_NFS_rh003/Est_Veri_II2026/CASTRO_VELASQUEZ_ERIC_VeriII26/P1/Verificacion_funcional_2026/EDA_VCS/dut_event.sv'.
Back to file '/mnt/vol_NFS_rh003/Est_Veri_II2026/CASTRO_VELASQUEZ_ERIC_VeriII26/P1/Verificacion_funcional_2026/EDA_VCS/testbench.sv'.
Parsing included file '/mnt/vol_NFS_rh003/Est_Veri_II2026/CASTRO_VELASQUEZ_ERIC_VeriII26/P1/Verificacion_funcional_2026/EDA_VCS/expected_event.sv'.
Back to file '/mnt/vol_NFS_rh003/Est_Veri_II2026/CASTRO_VELASQUEZ_ERIC_VeriII26/P1/Verificacion_funcional_2026/EDA_VCS/testbench.sv'.
Parsing included file '/mnt/vol_NFS_rh003/Est_Veri_II2026/CASTRO_VELASQUEZ_ERIC_VeriII26/P1/Verificacion_funcional_2026/EDA_VCS/driver.sv'.
Back to file '/mnt/vol_NFS_rh003/Est_Veri_II2026/CASTRO_VELASQUEZ_ERIC_VeriII26/P1/Verificacion_funcional_2026/EDA_VCS/testbench.sv'.
Parsing included file '/mnt/vol_NFS_rh003/Est_Veri_II2026/CASTRO_VELASQUEZ_ERIC_VeriII26/P1/Verificacion_funcional_2026/EDA_VCS/monitor.sv'.
Back to file '/mnt/vol_NFS_rh003/Est_Veri_II2026/CASTRO_VELASQUEZ_ERIC_VeriII26/P1/Verificacion_funcional_2026/EDA_VCS/testbench.sv'.
Parsing included file '/mnt/vol_NFS_rh003/Est_Veri_II2026/CASTRO_VELASQUEZ_ERIC_VeriII26/P1/Verificacion_funcional_2026/EDA_VCS/generator.sv'.
Back to file '/mnt/vol_NFS_rh003/Est_Veri_II2026/CASTRO_VELASQUEZ_ERIC_VeriII26/P1/Verificacion_funcional_2026/EDA_VCS/testbench.sv'.
Parsing included file '/mnt/vol_NFS_rh003/Est_Veri_II2026/CASTRO_VELASQUEZ_ERIC_VeriII26/P1/Verificacion_funcional_2026/EDA_VCS/scoreboard.sv'.
Back to file '/mnt/vol_NFS_rh003/Est_Veri_II2026/CASTRO_VELASQUEZ_ERIC_VeriII26/P1/Verificacion_funcional_2026/EDA_VCS/testbench.sv'.
Parsing included file '/mnt/vol_NFS_rh003/Est_Veri_II2026/CASTRO_VELASQUEZ_ERIC_VeriII26/P1/Verificacion_funcional_2026/EDA_VCS/checker.sv'.
Back to file '/mnt/vol_NFS_rh003/Est_Veri_II2026/CASTRO_VELASQUEZ_ERIC_VeriII26/P1/Verificacion_funcional_2026/EDA_VCS/testbench.sv'.
Parsing included file '/mnt/vol_NFS_rh003/Est_Veri_II2026/CASTRO_VELASQUEZ_ERIC_VeriII26/P1/Verificacion_funcional_2026/EDA_VCS/environment.sv'.
Back to file '/mnt/vol_NFS_rh003/Est_Veri_II2026/CASTRO_VELASQUEZ_ERIC_VeriII26/P1/Verificacion_funcional_2026/EDA_VCS/testbench.sv'.
Top Level Modules:
       fifo_flops_no_full
       fifo_ltch
       fifo_ltch_no_rst
       ntrpt_cam_fifo
       mem_latch
       bs_gnrtr
       prll_rgstr
       prll_bs_gnrtr_n_rbtr_fifo
       tb_top
TimeScale is 1 ns / 1 ns

Warning-[SIOB] Select index out of bounds
/mnt/vol_NFS_rh003/Est_Veri_II2026/CASTRO_VELASQUEZ_ERIC_VeriII26/P1/Verificacion_funcional_2026/EDA_VCS/Library.sv, 1072
"D_push[(bits - 1):(bits - 8)]"
  The select index is out of declared bounds : [0:0].
  In module instance : _bus_[0].ntrfs[0].prll_bus_instance 
  _bus_[0].ntrfs[1].prll_bus_instance _bus_[0].ntrfs[2].prll_bus_instance 
  _bus_[0].ntrfs[3].prll_bus_instance 
  In module : prll_bs_ntrfs.

Notice: Ports coerced to inout, use -notice for details
Starting vcs inline pass...

26 modules and 0 UDP read.
recompiling package vcs_paramclassrepository
recompiling module prll_d_reg
recompiling module prll_d_ltch_no_rst
recompiling module prll_d_ltch
recompiling module neg_edge
recompiling module fifo_flops
recompiling module fifo_flops_no_full
recompiling module fifo_ltch
recompiling module fifo_ltch_no_rst
recompiling module rst_lgc
recompiling module ntrpt_cam_fifo
recompiling module mem_latch
recompiling module parallel_serial
recompiling module serializer
recompiling module Read_st_Mchn
recompiling module Write_st_Mchn
recompiling module bs_ntrfs
recompiling module bs_gnrtr
recompiling module bs_ntrfs_n_rbtr
recompiling module bs_gnrtr_n_rbtr
recompiling module prll_rgstr
recompiling module prll_bs_ntrfs
recompiling module prll_bs_gnrtr_n_rbtr_fifo
recompiling package tb_pkg
recompiling module bus_if
recompiling module tb_top
All of 26 modules done
rm -f _cuarc*.so _csrc*.so pre_vcsobj_*.so share_vcsobj_*.so
if [ -x ../simv ]; then chmod a-x ../simv; fi
g++  -o ../simv      -rdynamic  -Wl,-rpath='$ORIGIN'/simv.daidir -Wl,-rpath=./simv.daidir \
-Wl,-rpath=/mnt/vol_NFS_rh003/tools/vcs/R-2020.12-SP2/linux64/lib -L/mnt/vol_NFS_rh003/tools/vcs/R-2020.12-SP2/linux64/lib \
-Wl,-rpath-link=./  /usr/lib64/libnuma.so.1   objs/amcQw_d.o   _449271_archive_1.so \
SIM_l.o      rmapats_mop.o rmapats.o rmar.o rmar_nd.o  rmar_llvm_0_1.o rmar_llvm_0_0.o \
-lvirsim -lerrorinf -lsnpsmalloc -lvfs    -lvcsnew -lsimprofile -luclinative /mnt/vol_NFS_rh003/tools/vcs/R-2020.12-SP2/linux64/lib/vcs_tls.o \
-Wl,-whole-archive  -lvcsucli    -Wl,-no-whole-archive        _vcs_pli_stub_.o   \
/mnt/vol_NFS_rh003/tools/vcs/R-2020.12-SP2/linux64/lib/vcs_save_restore_new.o /mnt/vol_NFS_rh003/tools/verdi/R-2020.12-SP2/share/PLI/VCS/LINUX64/pli.a \
-ldl  -lc -lm -lpthread -ldl 
../simv up to date
CPU time: 4.680 seconds to compile + 1.238 seconds to elab + .925 seconds to link
Verdi KDB elaboration done and the database successfully generated: 0 error(s), 0 warning(s)
