Command: /mnt/vol_NFS_rh003/Est_Veri_II2026/CASTRO_VELASQUEZ_ERIC_VeriII26/P1/Verificacion_funcional_2026/EDA_VCS/sim/bcast_param/./simv +ntb_random_seed=1010 -l sim.log -ucli -i dump_fsdb.tcl
Chronologic VCS simulator copyright 1991-2020
Contains Synopsys proprietary information.
Compiler version R-2020.12-SP2_Full64; Runtime version R-2020.12-SP2_Full64;  Sep 30 23:42 2026
ucli% dump -file waves.fsdb -type FSDB
*Verdi* Loading libsscore_vcs202012.so
FSDB Dumper for VCS, Release Verdi_R-2020.12-SP2, Linux x86_64/64bit, 05/23/2021
(C) 1996 - 2021 by Synopsys, Inc.
*Verdi* : Create FSDB file 'waves.fsdb'
FSDB0
ucli% dump -add tb_top -depth 0
*Verdi* : Begin traversing the scope (tb_top), layer (0).
*Verdi* : End of traversing.
*Verdi* : Flush all FSDB Files at 0 ns.
1
ucli% run
================================================================
  PRUEBA DE INTEGRACION COMPLETA
  Generator + Driver + Monitor + Scoreboard + Checker + DUT
  drvrs=4  pckg_sz=16  broadcast=0xf0  num_transactions=41 (rango [30:80])
  seed=1010
  scenario=SC_BCAST_PARAM
  delay=[0:10] ciclos
================================================================
T=45 [Generator] tx#0 if=3 packet=0xffc8 delay=3
T=45 [Generator] tx#1 if=3 packet=0xffbf delay=2
T=45 [Generator] tx#2 if=3 packet=0xff9a delay=5
T=45 [Generator] tx#3 if=0 packet=0xff60 delay=1
T=45 [Generator] tx#4 if=1 packet=0xff5f delay=10
T=45 [Generator] tx#5 if=1 packet=0xff00 delay=7
T=45 [Generator] tx#6 if=0 packet=0xf0c3 delay=8
T=45 [Generator] tx#7 if=2 packet=0xff3a delay=8
T=45 [Generator] tx#8 if=2 packet=0xff20 delay=9
T=45 [Generator] tx#9 if=3 packet=0xff8b delay=1
T=45 [Generator] tx#10 if=3 packet=0xff7b delay=0
T=45 [Generator] tx#11 if=1 packet=0xf056 delay=2
T=45 [Generator] tx#12 if=2 packet=0xff09 delay=5
T=45 [Generator] tx#13 if=2 packet=0xf008 delay=9
T=45 [Generator] tx#14 if=1 packet=0xf044 delay=3
T=45 [Generator] tx#15 if=1 packet=0xf04c delay=5
T=45 [Generator] tx#16 if=3 packet=0xf0d6 delay=6
T=45 [Generator] tx#17 if=3 packet=0xffdc delay=2
T=45 [Generator] tx#18 if=3 packet=0xf06f delay=5
T=45 [Generator] tx#19 if=2 packet=0xffe5 delay=0
T=45 [Generator] tx#20 if=1 packet=0xf029 delay=8
T=45 [Generator] tx#21 if=0 packet=0xf016 delay=7
T=45 [Generator] tx#22 if=3 packet=0xffcc delay=8
T=45 [Generator] tx#23 if=2 packet=0xf023 delay=3
T=45 [Generator] tx#24 if=1 packet=0xffe2 delay=1
T=45 [Generator] tx#25 if=0 packet=0xf0f7 delay=6
T=45 [Generator] tx#26 if=1 packet=0xf001 delay=9
T=45 [Generator] tx#27 if=1 packet=0xffd0 delay=8
T=45 [Generator] tx#28 if=3 packet=0xf025 delay=1
T=45 [Generator] tx#29 if=1 packet=0xf0b4 delay=6
T=45 [Generator] tx#30 if=1 packet=0xff61 delay=1
T=45 [Generator] tx#31 if=3 packet=0xff3b delay=1
T=45 [Generator] tx#32 if=1 packet=0xf0ae delay=3
T=45 [Generator] tx#33 if=3 packet=0xf016 delay=1
T=45 [Generator] tx#34 if=3 packet=0xf0b5 delay=9
T=45 [Generator] tx#35 if=3 packet=0xf0d0 delay=7
T=45 [Generator] tx#36 if=2 packet=0xf0f0 delay=1
T=45 [Generator] tx#37 if=1 packet=0xff5e delay=4
T=45 [Generator] tx#38 if=2 packet=0xffc4 delay=5
T=45 [Generator] tx#39 if=3 packet=0xf0e1 delay=8
T=45 [Generator] tx#40 if=2 packet=0xf034 delay=7
T=45 [Scoreboard] WARNING TP16: broadcast=0xf0 configurado, pero el RTL compara contra 0xff fijo (Library.sv lineas 388 y 716). Se esperan errores.
[DRV 0] ofrecido pkt=0xff60 @60
[DRV 3] ofrecido pkt=0xffc8 @80
[DRV 0] pop recibido @80
[MON] POP  if=0 pkt=0xff60 @85
T=85 [Checker] PASS  [1] if=0 type=EVT_POP packet=0xff60
[DRV 3] pop recibido @100
[MON] POP  if=3 pkt=0xffc8 @105
T=105 [Checker] PASS  [2] if=3 type=EVT_POP packet=0xffc8
[DRV 2] ofrecido pkt=0xff3a @130
[DRV 3] ofrecido pkt=0xffbf @140
[DRV 1] ofrecido pkt=0xff5f @150
[DRV 2] pop recibido @150
[MON] POP  if=2 pkt=0xff3a @155
T=155 [Checker] PASS  [3] if=2 type=EVT_POP packet=0xff3a
[DRV 1] pop recibido @170
[MON] POP  if=1 pkt=0xff5f @175
T=175 [Checker] PASS  [4] if=1 type=EVT_POP packet=0xff5f
[DRV 0] ofrecido pkt=0xf0c3 @180
[DRV 2] ofrecido pkt=0xff20 @260
[DRV 1] ofrecido pkt=0xff00 @260
[MON] PUSH if=0 pkt=0xffc8 @295
[MON] PUSH if=1 pkt=0xffc8 @295
[MON] PUSH if=2 pkt=0xffc8 @295
T=295 [Checker] ERROR [1] if=0 type=EVT_PUSH obs=0xffc8 exp=<ninguno coincide>
T=295 [Checker] ERROR [2] if=1 type=EVT_PUSH obs=0xffc8 exp=<ninguno coincide>
T=295 [Checker] ERROR [3] if=2 type=EVT_PUSH obs=0xffc8 exp=<ninguno coincide>
[DRV 3] pop recibido @320
[MON] POP  if=3 pkt=0xffbf @325
T=325 [Checker] PASS  [5] if=3 type=EVT_POP packet=0xffbf
[DRV 3] ofrecido pkt=0xff9a @390
[MON] PUSH if=1 pkt=0xff60 @495
[MON] PUSH if=2 pkt=0xff60 @495
[MON] PUSH if=3 pkt=0xff60 @495
T=495 [Checker] ERROR [4] if=1 type=EVT_PUSH obs=0xff60 exp=<ninguno coincide>
T=495 [Checker] ERROR [5] if=2 type=EVT_PUSH obs=0xff60 exp=<ninguno coincide>
T=495 [Checker] ERROR [6] if=3 type=EVT_PUSH obs=0xff60 exp=<ninguno coincide>
[DRV 0] pop recibido @520
[MON] POP  if=0 pkt=0xf0c3 @525
T=525 [Checker] PASS  [6] if=0 type=EVT_POP packet=0xf0c3
[DRV 0] ofrecido pkt=0xf016 @610
[MON] PUSH if=0 pkt=0xff5f @695
[MON] PUSH if=2 pkt=0xff5f @695
[MON] PUSH if=3 pkt=0xff5f @695
T=695 [Checker] ERROR [7] if=0 type=EVT_PUSH obs=0xff5f exp=<ninguno coincide>
T=695 [Checker] ERROR [8] if=2 type=EVT_PUSH obs=0xff5f exp=<ninguno coincide>
T=695 [Checker] ERROR [9] if=3 type=EVT_PUSH obs=0xff5f exp=<ninguno coincide>
[DRV 1] pop recibido @720
[MON] POP  if=1 pkt=0xff00 @725
T=725 [Checker] PASS  [7] if=1 type=EVT_POP packet=0xff00
[DRV 1] ofrecido pkt=0xf056 @760
[MON] PUSH if=0 pkt=0xff3a @895
[MON] PUSH if=1 pkt=0xff3a @895
[MON] PUSH if=3 pkt=0xff3a @895
T=895 [Checker] ERROR [10] if=0 type=EVT_PUSH obs=0xff3a exp=<ninguno coincide>
T=895 [Checker] ERROR [11] if=1 type=EVT_PUSH obs=0xff3a exp=<ninguno coincide>
T=895 [Checker] ERROR [12] if=3 type=EVT_PUSH obs=0xff3a exp=<ninguno coincide>
[DRV 2] pop recibido @920
[MON] POP  if=2 pkt=0xff20 @925
T=925 [Checker] PASS  [8] if=2 type=EVT_POP packet=0xff20
[DRV 2] ofrecido pkt=0xff09 @990
[MON] PUSH if=0 pkt=0xffbf @1095
[MON] PUSH if=1 pkt=0xffbf @1095
[MON] PUSH if=2 pkt=0xffbf @1095
T=1095 [Checker] ERROR [13] if=0 type=EVT_PUSH obs=0xffbf exp=<ninguno coincide>
T=1095 [Checker] ERROR [14] if=1 type=EVT_PUSH obs=0xffbf exp=<ninguno coincide>
T=1095 [Checker] ERROR [15] if=2 type=EVT_PUSH obs=0xffbf exp=<ninguno coincide>
[DRV 3] pop recibido @1120
[MON] POP  if=3 pkt=0xff9a @1125
T=1125 [Checker] PASS  [9] if=3 type=EVT_POP packet=0xff9a
[DRV 3] ofrecido pkt=0xff8b @1150
[DRV 0] pop recibido @1320
[MON] POP  if=0 pkt=0xf016 @1325
T=1325 [Checker] PASS  [10] if=0 type=EVT_POP packet=0xf016
[DRV 0] ofrecido pkt=0xf0f7 @1400
[MON] PUSH if=0 pkt=0xff00 @1495
[MON] PUSH if=2 pkt=0xff00 @1495
[MON] PUSH if=3 pkt=0xff00 @1495
T=1495 [Checker] ERROR [16] if=0 type=EVT_PUSH obs=0xff00 exp=<ninguno coincide>
T=1495 [Checker] ERROR [17] if=2 type=EVT_PUSH obs=0xff00 exp=<ninguno coincide>
T=1495 [Checker] ERROR [18] if=3 type=EVT_PUSH obs=0xff00 exp=<ninguno coincide>
[DRV 1] pop recibido @1520
[MON] POP  if=1 pkt=0xf056 @1525
T=1525 [Checker] PASS  [11] if=1 type=EVT_POP packet=0xf056
[DRV 1] ofrecido pkt=0xf044 @1570
[MON] PUSH if=0 pkt=0xff20 @1695
[MON] PUSH if=1 pkt=0xff20 @1695
[MON] PUSH if=3 pkt=0xff20 @1695
T=1695 [Checker] ERROR [19] if=0 type=EVT_PUSH obs=0xff20 exp=<ninguno coincide>
T=1695 [Checker] ERROR [20] if=1 type=EVT_PUSH obs=0xff20 exp=<ninguno coincide>
T=1695 [Checker] ERROR [21] if=3 type=EVT_PUSH obs=0xff20 exp=<ninguno coincide>
[DRV 2] pop recibido @1720
[MON] POP  if=2 pkt=0xff09 @1725
T=1725 [Checker] PASS  [12] if=2 type=EVT_POP packet=0xff09
[DRV 2] ofrecido pkt=0xf008 @1830
[MON] PUSH if=0 pkt=0xff9a @1895
[MON] PUSH if=1 pkt=0xff9a @1895
[MON] PUSH if=2 pkt=0xff9a @1895
T=1895 [Checker] ERROR [22] if=0 type=EVT_PUSH obs=0xff9a exp=<ninguno coincide>
T=1895 [Checker] ERROR [23] if=1 type=EVT_PUSH obs=0xff9a exp=<ninguno coincide>
T=1895 [Checker] ERROR [24] if=2 type=EVT_PUSH obs=0xff9a exp=<ninguno coincide>
[DRV 3] pop recibido @1920
[MON] POP  if=3 pkt=0xff8b @1925
T=1925 [Checker] PASS  [13] if=3 type=EVT_POP packet=0xff8b
[DRV 3] ofrecido pkt=0xff7b @1940
[DRV 0] pop recibido @2120
[MON] POP  if=0 pkt=0xf0f7 @2125
T=2125 [Checker] PASS  [14] if=0 type=EVT_POP packet=0xf0f7
[DRV 1] pop recibido @2320
[MON] POP  if=1 pkt=0xf044 @2325
T=2325 [Checker] PASS  [15] if=1 type=EVT_POP packet=0xf044
[DRV 1] ofrecido pkt=0xf04c @2390
[MON] PUSH if=0 pkt=0xff09 @2495
[MON] PUSH if=1 pkt=0xff09 @2495
[MON] PUSH if=3 pkt=0xff09 @2495
T=2495 [Checker] ERROR [25] if=0 type=EVT_PUSH obs=0xff09 exp=<ninguno coincide>
T=2495 [Checker] ERROR [26] if=1 type=EVT_PUSH obs=0xff09 exp=<ninguno coincide>
T=2495 [Checker] ERROR [27] if=3 type=EVT_PUSH obs=0xff09 exp=<ninguno coincide>
[DRV 2] pop recibido @2520
[MON] POP  if=2 pkt=0xf008 @2525
T=2525 [Checker] PASS  [16] if=2 type=EVT_POP packet=0xf008
[DRV 2] ofrecido pkt=0xffe5 @2540
[MON] PUSH if=0 pkt=0xff8b @2695
[MON] PUSH if=1 pkt=0xff8b @2695
[MON] PUSH if=2 pkt=0xff8b @2695
T=2695 [Checker] ERROR [28] if=0 type=EVT_PUSH obs=0xff8b exp=<ninguno coincide>
T=2695 [Checker] ERROR [29] if=1 type=EVT_PUSH obs=0xff8b exp=<ninguno coincide>
T=2695 [Checker] ERROR [30] if=2 type=EVT_PUSH obs=0xff8b exp=<ninguno coincide>
[DRV 3] pop recibido @2720
[MON] POP  if=3 pkt=0xff7b @2725
T=2725 [Checker] PASS  [17] if=3 type=EVT_POP packet=0xff7b
[DRV 3] ofrecido pkt=0xf0d6 @2800
[DRV 1] pop recibido @3120
[MON] POP  if=1 pkt=0xf04c @3125
T=3125 [Checker] PASS  [18] if=1 type=EVT_POP packet=0xf04c
[DRV 1] ofrecido pkt=0xf029 @3220
[DRV 2] pop recibido @3320
[MON] POP  if=2 pkt=0xffe5 @3325
T=3325 [Checker] PASS  [19] if=2 type=EVT_POP packet=0xffe5
[DRV 2] ofrecido pkt=0xf023 @3370
[MON] PUSH if=0 pkt=0xff7b @3495
[MON] PUSH if=1 pkt=0xff7b @3495
[MON] PUSH if=2 pkt=0xff7b @3495
T=3495 [Checker] ERROR [31] if=0 type=EVT_PUSH obs=0xff7b exp=<ninguno coincide>
T=3495 [Checker] ERROR [32] if=1 type=EVT_PUSH obs=0xff7b exp=<ninguno coincide>
T=3495 [Checker] ERROR [33] if=2 type=EVT_PUSH obs=0xff7b exp=<ninguno coincide>
[DRV 3] pop recibido @3520
[MON] POP  if=3 pkt=0xf0d6 @3525
T=3525 [Checker] PASS  [20] if=3 type=EVT_POP packet=0xf0d6
[DRV 3] ofrecido pkt=0xffdc @3560
[DRV 1] pop recibido @3730
[MON] POP  if=1 pkt=0xf029 @3735
T=3735 [Checker] PASS  [21] if=1 type=EVT_POP packet=0xf029
[DRV 1] ofrecido pkt=0xffe2 @3760
[MON] PUSH if=0 pkt=0xffe5 @3905
[MON] PUSH if=1 pkt=0xffe5 @3905
[MON] PUSH if=3 pkt=0xffe5 @3905
T=3905 [Checker] ERROR [34] if=0 type=EVT_PUSH obs=0xffe5 exp=<ninguno coincide>
T=3905 [Checker] ERROR [35] if=1 type=EVT_PUSH obs=0xffe5 exp=<ninguno coincide>
T=3905 [Checker] ERROR [36] if=3 type=EVT_PUSH obs=0xffe5 exp=<ninguno coincide>
[DRV 2] pop recibido @3930
[MON] POP  if=2 pkt=0xf023 @3935
T=3935 [Checker] PASS  [22] if=2 type=EVT_POP packet=0xf023
[DRV 2] ofrecido pkt=0xf0f0 @3960
[DRV 3] pop recibido @4130
[MON] POP  if=3 pkt=0xffdc @4135
T=4135 [Checker] PASS  [23] if=3 type=EVT_POP packet=0xffdc
[DRV 3] ofrecido pkt=0xf06f @4200
[DRV 1] pop recibido @4340
[MON] POP  if=1 pkt=0xffe2 @4345
T=4345 [Checker] PASS  [24] if=1 type=EVT_POP packet=0xffe2
[DRV 1] ofrecido pkt=0xf001 @4450
[DRV 2] pop recibido @4540
[MON] POP  if=2 pkt=0xf0f0 @4545
T=4545 [Checker] PASS  [25] if=2 type=EVT_POP packet=0xf0f0
[DRV 2] ofrecido pkt=0xffc4 @4610
[MON] PUSH if=0 pkt=0xffdc @4715
[MON] PUSH if=1 pkt=0xffdc @4715
[MON] PUSH if=2 pkt=0xffdc @4715
T=4715 [Checker] ERROR [37] if=0 type=EVT_PUSH obs=0xffdc exp=<ninguno coincide>
T=4715 [Checker] ERROR [38] if=1 type=EVT_PUSH obs=0xffdc exp=<ninguno coincide>
T=4715 [Checker] ERROR [39] if=2 type=EVT_PUSH obs=0xffdc exp=<ninguno coincide>
[DRV 3] pop recibido @4740
[MON] POP  if=3 pkt=0xf06f @4745
T=4745 [Checker] PASS  [26] if=3 type=EVT_POP packet=0xf06f
[DRV 3] ofrecido pkt=0xffcc @4840
[MON] PUSH if=0 pkt=0xffe2 @4925
[MON] PUSH if=2 pkt=0xffe2 @4925
[MON] PUSH if=3 pkt=0xffe2 @4925
T=4925 [Checker] ERROR [40] if=0 type=EVT_PUSH obs=0xffe2 exp=<ninguno coincide>
T=4925 [Checker] ERROR [41] if=2 type=EVT_PUSH obs=0xffe2 exp=<ninguno coincide>
T=4925 [Checker] ERROR [42] if=3 type=EVT_PUSH obs=0xffe2 exp=<ninguno coincide>
[DRV 1] pop recibido @4950
[MON] POP  if=1 pkt=0xf001 @4955
T=4955 [Checker] PASS  [27] if=1 type=EVT_POP packet=0xf001
[DRV 1] ofrecido pkt=0xffd0 @5050
[DRV 2] pop recibido @5150
[MON] POP  if=2 pkt=0xffc4 @5155
T=5155 [Checker] PASS  [28] if=2 type=EVT_POP packet=0xffc4
[DRV 2] ofrecido pkt=0xf034 @5240
[DRV 3] pop recibido @5350
[MON] POP  if=3 pkt=0xffcc @5355
T=5355 [Checker] PASS  [29] if=3 type=EVT_POP packet=0xffcc
[DRV 3] ofrecido pkt=0xf025 @5380
[DRV 1] pop recibido @5560
[MON] POP  if=1 pkt=0xffd0 @5565
T=5565 [Checker] PASS  [30] if=1 type=EVT_POP packet=0xffd0
[DRV 1] ofrecido pkt=0xf0b4 @5640
[MON] PUSH if=0 pkt=0xffc4 @5735
[MON] PUSH if=1 pkt=0xffc4 @5735
[MON] PUSH if=3 pkt=0xffc4 @5735
T=5735 [Checker] ERROR [43] if=0 type=EVT_PUSH obs=0xffc4 exp=<ninguno coincide>
T=5735 [Checker] ERROR [44] if=1 type=EVT_PUSH obs=0xffc4 exp=<ninguno coincide>
T=5735 [Checker] ERROR [45] if=3 type=EVT_PUSH obs=0xffc4 exp=<ninguno coincide>
[DRV 2] pop recibido @5760
[MON] POP  if=2 pkt=0xf034 @5765
T=5765 [Checker] PASS  [31] if=2 type=EVT_POP packet=0xf034
[MON] PUSH if=0 pkt=0xffcc @5935
[MON] PUSH if=1 pkt=0xffcc @5935
[MON] PUSH if=2 pkt=0xffcc @5935
T=5935 [Checker] ERROR [46] if=0 type=EVT_PUSH obs=0xffcc exp=<ninguno coincide>
T=5935 [Checker] ERROR [47] if=1 type=EVT_PUSH obs=0xffcc exp=<ninguno coincide>
T=5935 [Checker] ERROR [48] if=2 type=EVT_PUSH obs=0xffcc exp=<ninguno coincide>
[DRV 3] pop recibido @5960
[MON] POP  if=3 pkt=0xf025 @5965
T=5965 [Checker] PASS  [32] if=3 type=EVT_POP packet=0xf025
[DRV 3] ofrecido pkt=0xff3b @5990
[MON] PUSH if=0 pkt=0xffd0 @6145
[MON] PUSH if=2 pkt=0xffd0 @6145
[MON] PUSH if=3 pkt=0xffd0 @6145
T=6145 [Checker] ERROR [49] if=0 type=EVT_PUSH obs=0xffd0 exp=<ninguno coincide>
T=6145 [Checker] ERROR [50] if=2 type=EVT_PUSH obs=0xffd0 exp=<ninguno coincide>
T=6145 [Checker] ERROR [51] if=3 type=EVT_PUSH obs=0xffd0 exp=<ninguno coincide>
[DRV 1] pop recibido @6170
[MON] POP  if=1 pkt=0xf0b4 @6175
T=6175 [Checker] PASS  [33] if=1 type=EVT_POP packet=0xf0b4
[DRV 1] ofrecido pkt=0xff61 @6200
[DRV 3] pop recibido @6570
[MON] POP  if=3 pkt=0xff3b @6575
T=6575 [Checker] PASS  [34] if=3 type=EVT_POP packet=0xff3b
[DRV 3] ofrecido pkt=0xf016 @6600
[DRV 1] pop recibido @6780
[MON] POP  if=1 pkt=0xff61 @6785
T=6785 [Checker] PASS  [35] if=1 type=EVT_POP packet=0xff61
[DRV 1] ofrecido pkt=0xf0ae @6830
[MON] PUSH if=0 pkt=0xff3b @6965
[MON] PUSH if=1 pkt=0xff3b @6965
[MON] PUSH if=2 pkt=0xff3b @6965
T=6965 [Checker] ERROR [52] if=0 type=EVT_PUSH obs=0xff3b exp=<ninguno coincide>
T=6965 [Checker] ERROR [53] if=1 type=EVT_PUSH obs=0xff3b exp=<ninguno coincide>
T=6965 [Checker] ERROR [54] if=2 type=EVT_PUSH obs=0xff3b exp=<ninguno coincide>
[DRV 3] pop recibido @6990
[MON] POP  if=3 pkt=0xf016 @6995
T=6995 [Checker] PASS  [36] if=3 type=EVT_POP packet=0xf016
[DRV 3] ofrecido pkt=0xf0b5 @7100
[MON] PUSH if=0 pkt=0xff61 @7175
[MON] PUSH if=2 pkt=0xff61 @7175
[MON] PUSH if=3 pkt=0xff61 @7175
T=7175 [Checker] ERROR [55] if=0 type=EVT_PUSH obs=0xff61 exp=<ninguno coincide>
T=7175 [Checker] ERROR [56] if=2 type=EVT_PUSH obs=0xff61 exp=<ninguno coincide>
T=7175 [Checker] ERROR [57] if=3 type=EVT_PUSH obs=0xff61 exp=<ninguno coincide>
[DRV 1] pop recibido @7200
[MON] POP  if=1 pkt=0xf0ae @7205
T=7205 [Checker] PASS  [37] if=1 type=EVT_POP packet=0xf0ae
[DRV 1] ofrecido pkt=0xff5e @7260
[DRV 3] pop recibido @7410
[MON] POP  if=3 pkt=0xf0b5 @7415
T=7415 [Checker] PASS  [38] if=3 type=EVT_POP packet=0xf0b5
[DRV 3] ofrecido pkt=0xf0d0 @7500
[DRV 1] pop recibido @7620
[MON] POP  if=1 pkt=0xff5e @7625
T=7625 [Checker] PASS  [39] if=1 type=EVT_POP packet=0xff5e
[DRV 3] pop recibido @7830
[MON] POP  if=3 pkt=0xf0d0 @7835
T=7835 [Checker] PASS  [40] if=3 type=EVT_POP packet=0xf0d0
[DRV 3] ofrecido pkt=0xf0e1 @7930
[MON] PUSH if=0 pkt=0xff5e @8015
[MON] PUSH if=2 pkt=0xff5e @8015
[MON] PUSH if=3 pkt=0xff5e @8015
T=8015 [Checker] ERROR [58] if=0 type=EVT_PUSH obs=0xff5e exp=<ninguno coincide>
T=8015 [Checker] ERROR [59] if=2 type=EVT_PUSH obs=0xff5e exp=<ninguno coincide>
T=8015 [Checker] ERROR [60] if=3 type=EVT_PUSH obs=0xff5e exp=<ninguno coincide>
[DRV 3] pop recibido @8250
[MON] POP  if=3 pkt=0xf0e1 @8255
T=8255 [Checker] PASS  [41] if=3 type=EVT_POP packet=0xf0e1
[TB] trafico terminado @9405
T=9405 [Checker] ERROR pendiente if=0 type=EVT_PUSH packet=0xf056 (nunca se observo)
T=9405 [Checker] ERROR pendiente if=0 type=EVT_PUSH packet=0xf008 (nunca se observo)
T=9405 [Checker] ERROR pendiente if=0 type=EVT_PUSH packet=0xf044 (nunca se observo)
T=9405 [Checker] ERROR pendiente if=0 type=EVT_PUSH packet=0xf04c (nunca se observo)
T=9405 [Checker] ERROR pendiente if=0 type=EVT_PUSH packet=0xf0d6 (nunca se observo)
T=9405 [Checker] ERROR pendiente if=0 type=EVT_PUSH packet=0xf06f (nunca se observo)
T=9405 [Checker] ERROR pendiente if=0 type=EVT_PUSH packet=0xf029 (nunca se observo)
T=9405 [Checker] ERROR pendiente if=0 type=EVT_PUSH packet=0xf023 (nunca se observo)
T=9405 [Checker] ERROR pendiente if=0 type=EVT_PUSH packet=0xf001 (nunca se observo)
T=9405 [Checker] ERROR pendiente if=0 type=EVT_PUSH packet=0xf025 (nunca se observo)
T=9405 [Checker] ERROR pendiente if=0 type=EVT_PUSH packet=0xf0b4 (nunca se observo)
T=9405 [Checker] ERROR pendiente if=0 type=EVT_PUSH packet=0xf0ae (nunca se observo)
T=9405 [Checker] ERROR pendiente if=0 type=EVT_PUSH packet=0xf016 (nunca se observo)
T=9405 [Checker] ERROR pendiente if=0 type=EVT_PUSH packet=0xf0b5 (nunca se observo)
T=9405 [Checker] ERROR pendiente if=0 type=EVT_PUSH packet=0xf0d0 (nunca se observo)
T=9405 [Checker] ERROR pendiente if=0 type=EVT_PUSH packet=0xf0f0 (nunca se observo)
T=9405 [Checker] ERROR pendiente if=0 type=EVT_PUSH packet=0xf0e1 (nunca se observo)
T=9405 [Checker] ERROR pendiente if=0 type=EVT_PUSH packet=0xf034 (nunca se observo)
T=9405 [Checker] ERROR pendiente if=1 type=EVT_PUSH packet=0xf0c3 (nunca se observo)
T=9405 [Checker] ERROR pendiente if=1 type=EVT_PUSH packet=0xf008 (nunca se observo)
T=9405 [Checker] ERROR pendiente if=1 type=EVT_PUSH packet=0xf0d6 (nunca se observo)
T=9405 [Checker] ERROR pendiente if=1 type=EVT_PUSH packet=0xf06f (nunca se observo)
T=9405 [Checker] ERROR pendiente if=1 type=EVT_PUSH packet=0xf016 (nunca se observo)
T=9405 [Checker] ERROR pendiente if=1 type=EVT_PUSH packet=0xf023 (nunca se observo)
T=9405 [Checker] ERROR pendiente if=1 type=EVT_PUSH packet=0xf0f7 (nunca se observo)
T=9405 [Checker] ERROR pendiente if=1 type=EVT_PUSH packet=0xf025 (nunca se observo)
T=9405 [Checker] ERROR pendiente if=1 type=EVT_PUSH packet=0xf016 (nunca se observo)
T=9405 [Checker] ERROR pendiente if=1 type=EVT_PUSH packet=0xf0b5 (nunca se observo)
T=9405 [Checker] ERROR pendiente if=1 type=EVT_PUSH packet=0xf0d0 (nunca se observo)
T=9405 [Checker] ERROR pendiente if=1 type=EVT_PUSH packet=0xf0f0 (nunca se observo)
T=9405 [Checker] ERROR pendiente if=1 type=EVT_PUSH packet=0xf0e1 (nunca se observo)
T=9405 [Checker] ERROR pendiente if=1 type=EVT_PUSH packet=0xf034 (nunca se observo)
T=9405 [Checker] ERROR pendiente if=2 type=EVT_PUSH packet=0xf0c3 (nunca se observo)
T=9405 [Checker] ERROR pendiente if=2 type=EVT_PUSH packet=0xf056 (nunca se observo)
T=9405 [Checker] ERROR pendiente if=2 type=EVT_PUSH packet=0xf044 (nunca se observo)
T=9405 [Checker] ERROR pendiente if=2 type=EVT_PUSH packet=0xf04c (nunca se observo)
T=9405 [Checker] ERROR pendiente if=2 type=EVT_PUSH packet=0xf0d6 (nunca se observo)
T=9405 [Checker] ERROR pendiente if=2 type=EVT_PUSH packet=0xf06f (nunca se observo)
T=9405 [Checker] ERROR pendiente if=2 type=EVT_PUSH packet=0xf029 (nunca se observo)
T=9405 [Checker] ERROR pendiente if=2 type=EVT_PUSH packet=0xf016 (nunca se observo)
T=9405 [Checker] ERROR pendiente if=2 type=EVT_PUSH packet=0xf0f7 (nunca se observo)
T=9405 [Checker] ERROR pendiente if=2 type=EVT_PUSH packet=0xf001 (nunca se observo)
T=9405 [Checker] ERROR pendiente if=2 type=EVT_PUSH packet=0xf025 (nunca se observo)
T=9405 [Checker] ERROR pendiente if=2 type=EVT_PUSH packet=0xf0b4 (nunca se observo)
T=9405 [Checker] ERROR pendiente if=2 type=EVT_PUSH packet=0xf0ae (nunca se observo)
T=9405 [Checker] ERROR pendiente if=2 type=EVT_PUSH packet=0xf016 (nunca se observo)
T=9405 [Checker] ERROR pendiente if=2 type=EVT_PUSH packet=0xf0b5 (nunca se observo)
T=9405 [Checker] ERROR pendiente if=2 type=EVT_PUSH packet=0xf0d0 (nunca se observo)
T=9405 [Checker] ERROR pendiente if=2 type=EVT_PUSH packet=0xf0e1 (nunca se observo)
T=9405 [Checker] ERROR pendiente if=3 type=EVT_PUSH packet=0xf0c3 (nunca se observo)
T=9405 [Checker] ERROR pendiente if=3 type=EVT_PUSH packet=0xf056 (nunca se observo)
T=9405 [Checker] ERROR pendiente if=3 type=EVT_PUSH packet=0xf008 (nunca se observo)
T=9405 [Checker] ERROR pendiente if=3 type=EVT_PUSH packet=0xf044 (nunca se observo)
T=9405 [Checker] ERROR pendiente if=3 type=EVT_PUSH packet=0xf04c (nunca se observo)
T=9405 [Checker] ERROR pendiente if=3 type=EVT_PUSH packet=0xf029 (nunca se observo)
T=9405 [Checker] ERROR pendiente if=3 type=EVT_PUSH packet=0xf016 (nunca se observo)
T=9405 [Checker] ERROR pendiente if=3 type=EVT_PUSH packet=0xf023 (nunca se observo)
T=9405 [Checker] ERROR pendiente if=3 type=EVT_PUSH packet=0xf0f7 (nunca se observo)
T=9405 [Checker] ERROR pendiente if=3 type=EVT_PUSH packet=0xf001 (nunca se observo)
T=9405 [Checker] ERROR pendiente if=3 type=EVT_PUSH packet=0xf0b4 (nunca se observo)
T=9405 [Checker] ERROR pendiente if=3 type=EVT_PUSH packet=0xf0ae (nunca se observo)
T=9405 [Checker] ERROR pendiente if=3 type=EVT_PUSH packet=0xf0f0 (nunca se observo)
T=9405 [Checker] ERROR pendiente if=3 type=EVT_PUSH packet=0xf034 (nunca se observo)

================================================================
  CHECKER - REPORTE FINAL   @9405 ns
================================================================
  Transacciones correctas  : 41
  Transacciones con error  : 60
  Esperados no observados  : 63
  Reporte CSV              : escrito (0 filas)
  Round Robin              : 76 verificaciones, 0 violaciones
----------------------------------------------------------------
  >>  RESULTADO: !! FAIL !! - 123 errores en total
================================================================

[TB] fin de simulacion @9405
$finish called from file "/mnt/vol_NFS_rh003/Est_Veri_II2026/CASTRO_VELASQUEZ_ERIC_VeriII26/P1/Verificacion_funcional_2026/EDA_VCS/testbench.sv", line 249.
$finish at simulation time                 9405
           V C S   S i m u l a t i o n   R e p o r t 
Time: 9405 ns
CPU Time:      1.220 seconds;       Data structure size:   0.6Mb
Wed Sep 30 23:42:32 2026
