Command: /mnt/vol_NFS_rh003/Est_Veri_II2026/CASTRO_VELASQUEZ_ERIC_VeriII26/P1/Verificacion_funcional_2026/EDA_VCS/sim/broadcast/./simv +ntb_random_seed=1010 -l sim.log
Chronologic VCS simulator copyright 1991-2020
Contains Synopsys proprietary information.
Compiler version R-2020.12-SP2_Full64; Runtime version R-2020.12-SP2_Full64;  Sep 30 23:18 2026
================================================================
  PRUEBA DE INTEGRACION COMPLETA
  Generator + Driver + Monitor + Scoreboard + Checker + DUT
  drvrs=4  pckg_sz=16  broadcast=0xff  num_transactions=41 (rango [30:80])
  seed=1010
  scenario=SC_BROADCAST
  delay=[0:10] ciclos
================================================================
T=45 [Generator] tx#0 if=3 packet=0xff49 delay=3
T=45 [Generator] tx#1 if=3 packet=0xfff5 delay=2
T=45 [Generator] tx#2 if=3 packet=0xffc9 delay=5
T=45 [Generator] tx#3 if=0 packet=0xff17 delay=1
T=45 [Generator] tx#4 if=1 packet=0xffef delay=10
T=45 [Generator] tx#5 if=1 packet=0xff01 delay=7
T=45 [Generator] tx#6 if=0 packet=0xff00 delay=8
T=45 [Generator] tx#7 if=2 packet=0xffd9 delay=8
T=45 [Generator] tx#8 if=2 packet=0xff13 delay=9
T=45 [Generator] tx#9 if=3 packet=0xff4d delay=1
T=45 [Generator] tx#10 if=3 packet=0xffd7 delay=0
T=45 [Generator] tx#11 if=1 packet=0xffa0 delay=2
T=45 [Generator] tx#12 if=2 packet=0xff4b delay=5
T=45 [Generator] tx#13 if=2 packet=0xff48 delay=9
T=45 [Generator] tx#14 if=1 packet=0xff20 delay=3
T=45 [Generator] tx#15 if=1 packet=0xff68 delay=5
T=45 [Generator] tx#16 if=3 packet=0xffa6 delay=6
T=45 [Generator] tx#17 if=3 packet=0xffe9 delay=2
T=45 [Generator] tx#18 if=3 packet=0xff7e delay=5
T=45 [Generator] tx#19 if=2 packet=0xff3f delay=0
T=45 [Generator] tx#20 if=1 packet=0xff58 delay=8
T=45 [Generator] tx#21 if=0 packet=0xffac delay=7
T=45 [Generator] tx#22 if=3 packet=0xff6b delay=8
T=45 [Generator] tx#23 if=2 packet=0xff10 delay=3
T=45 [Generator] tx#24 if=1 packet=0xff15 delay=1
T=45 [Generator] tx#25 if=0 packet=0xffb6 delay=6
T=45 [Generator] tx#26 if=1 packet=0xff08 delay=9
T=45 [Generator] tx#27 if=1 packet=0xff8f delay=8
T=45 [Generator] tx#28 if=3 packet=0xff36 delay=1
T=45 [Generator] tx#29 if=1 packet=0xffbe delay=6
T=45 [Generator] tx#30 if=1 packet=0xff11 delay=1
T=45 [Generator] tx#31 if=3 packet=0xffd9 delay=1
T=45 [Generator] tx#32 if=1 packet=0xff7c delay=3
T=45 [Generator] tx#33 if=3 packet=0xffae delay=1
T=45 [Generator] tx#34 if=3 packet=0xffb0 delay=9
T=45 [Generator] tx#35 if=3 packet=0xff8e delay=7
T=45 [Generator] tx#36 if=2 packet=0xff98 delay=1
T=45 [Generator] tx#37 if=1 packet=0xffef delay=4
T=45 [Generator] tx#38 if=2 packet=0xff29 delay=5
T=45 [Generator] tx#39 if=3 packet=0xff16 delay=8
T=45 [Generator] tx#40 if=2 packet=0xffb8 delay=7
[DRV 0] ofrecido pkt=0xff17 @60
[DRV 3] ofrecido pkt=0xff49 @80
[DRV 0] pop recibido @80
[MON] POP  if=0 pkt=0xff17 @85
T=85 [Checker] PASS  [1] if=0 type=EVT_POP packet=0xff17
[DRV 3] pop recibido @100
[MON] POP  if=3 pkt=0xff49 @105
T=105 [Checker] PASS  [2] if=3 type=EVT_POP packet=0xff49
[DRV 2] ofrecido pkt=0xffd9 @130
[DRV 3] ofrecido pkt=0xfff5 @140
[DRV 1] ofrecido pkt=0xffef @150
[DRV 2] pop recibido @150
[MON] POP  if=2 pkt=0xffd9 @155
T=155 [Checker] PASS  [3] if=2 type=EVT_POP packet=0xffd9
[DRV 1] pop recibido @170
[MON] POP  if=1 pkt=0xffef @175
T=175 [Checker] PASS  [4] if=1 type=EVT_POP packet=0xffef
[DRV 0] ofrecido pkt=0xff00 @180
[DRV 2] ofrecido pkt=0xff13 @260
[DRV 1] ofrecido pkt=0xff01 @260
[MON] PUSH if=0 pkt=0xff49 @295
[MON] PUSH if=1 pkt=0xff49 @295
[MON] PUSH if=2 pkt=0xff49 @295
T=295 [Checker] PASS  [5] if=0 type=EVT_PUSH packet=0xff49
T=295 [Checker] PASS  [6] if=1 type=EVT_PUSH packet=0xff49
T=295 [Checker] PASS  [7] if=2 type=EVT_PUSH packet=0xff49
[DRV 3] pop recibido @320
[MON] POP  if=3 pkt=0xfff5 @325
T=325 [Checker] PASS  [8] if=3 type=EVT_POP packet=0xfff5
[DRV 3] ofrecido pkt=0xffc9 @390
[MON] PUSH if=1 pkt=0xff17 @495
[MON] PUSH if=2 pkt=0xff17 @495
[MON] PUSH if=3 pkt=0xff17 @495
T=495 [Checker] PASS  [9] if=1 type=EVT_PUSH packet=0xff17
T=495 [Checker] PASS  [10] if=2 type=EVT_PUSH packet=0xff17
T=495 [Checker] PASS  [11] if=3 type=EVT_PUSH packet=0xff17
[DRV 0] pop recibido @520
[MON] POP  if=0 pkt=0xff00 @525
T=525 [Checker] PASS  [12] if=0 type=EVT_POP packet=0xff00
[DRV 0] ofrecido pkt=0xffac @610
[MON] PUSH if=0 pkt=0xffef @695
[MON] PUSH if=2 pkt=0xffef @695
[MON] PUSH if=3 pkt=0xffef @695
T=695 [Checker] PASS  [13] if=0 type=EVT_PUSH packet=0xffef
T=695 [Checker] PASS  [14] if=2 type=EVT_PUSH packet=0xffef
T=695 [Checker] PASS  [15] if=3 type=EVT_PUSH packet=0xffef
[DRV 1] pop recibido @720
[MON] POP  if=1 pkt=0xff01 @725
T=725 [Checker] PASS  [16] if=1 type=EVT_POP packet=0xff01
[DRV 1] ofrecido pkt=0xffa0 @760
[MON] PUSH if=0 pkt=0xffd9 @895
[MON] PUSH if=1 pkt=0xffd9 @895
[MON] PUSH if=3 pkt=0xffd9 @895
T=895 [Checker] PASS  [17] if=0 type=EVT_PUSH packet=0xffd9
T=895 [Checker] PASS  [18] if=1 type=EVT_PUSH packet=0xffd9
T=895 [Checker] PASS  [19] if=3 type=EVT_PUSH packet=0xffd9
[DRV 2] pop recibido @920
[MON] POP  if=2 pkt=0xff13 @925
T=925 [Checker] PASS  [20] if=2 type=EVT_POP packet=0xff13
[DRV 2] ofrecido pkt=0xff4b @990
[MON] PUSH if=0 pkt=0xfff5 @1095
[MON] PUSH if=1 pkt=0xfff5 @1095
[MON] PUSH if=2 pkt=0xfff5 @1095
T=1095 [Checker] PASS  [21] if=0 type=EVT_PUSH packet=0xfff5
T=1095 [Checker] PASS  [22] if=1 type=EVT_PUSH packet=0xfff5
T=1095 [Checker] PASS  [23] if=2 type=EVT_PUSH packet=0xfff5
[DRV 3] pop recibido @1120
[MON] POP  if=3 pkt=0xffc9 @1125
T=1125 [Checker] PASS  [24] if=3 type=EVT_POP packet=0xffc9
[DRV 3] ofrecido pkt=0xff4d @1150
[MON] PUSH if=1 pkt=0xff00 @1295
[MON] PUSH if=2 pkt=0xff00 @1295
[MON] PUSH if=3 pkt=0xff00 @1295
T=1295 [Checker] PASS  [25] if=1 type=EVT_PUSH packet=0xff00
T=1295 [Checker] PASS  [26] if=2 type=EVT_PUSH packet=0xff00
T=1295 [Checker] PASS  [27] if=3 type=EVT_PUSH packet=0xff00
[DRV 0] pop recibido @1320
[MON] POP  if=0 pkt=0xffac @1325
T=1325 [Checker] PASS  [28] if=0 type=EVT_POP packet=0xffac
[DRV 0] ofrecido pkt=0xffb6 @1400
[MON] PUSH if=0 pkt=0xff01 @1495
[MON] PUSH if=2 pkt=0xff01 @1495
[MON] PUSH if=3 pkt=0xff01 @1495
T=1495 [Checker] PASS  [29] if=0 type=EVT_PUSH packet=0xff01
T=1495 [Checker] PASS  [30] if=2 type=EVT_PUSH packet=0xff01
T=1495 [Checker] PASS  [31] if=3 type=EVT_PUSH packet=0xff01
[DRV 1] pop recibido @1520
[MON] POP  if=1 pkt=0xffa0 @1525
T=1525 [Checker] PASS  [32] if=1 type=EVT_POP packet=0xffa0
[DRV 1] ofrecido pkt=0xff20 @1570
[MON] PUSH if=0 pkt=0xff13 @1695
[MON] PUSH if=1 pkt=0xff13 @1695
[MON] PUSH if=3 pkt=0xff13 @1695
T=1695 [Checker] PASS  [33] if=0 type=EVT_PUSH packet=0xff13
T=1695 [Checker] PASS  [34] if=1 type=EVT_PUSH packet=0xff13
T=1695 [Checker] PASS  [35] if=3 type=EVT_PUSH packet=0xff13
[DRV 2] pop recibido @1720
[MON] POP  if=2 pkt=0xff4b @1725
T=1725 [Checker] PASS  [36] if=2 type=EVT_POP packet=0xff4b
[DRV 2] ofrecido pkt=0xff48 @1830
[MON] PUSH if=0 pkt=0xffc9 @1895
[MON] PUSH if=1 pkt=0xffc9 @1895
[MON] PUSH if=2 pkt=0xffc9 @1895
T=1895 [Checker] PASS  [37] if=0 type=EVT_PUSH packet=0xffc9
T=1895 [Checker] PASS  [38] if=1 type=EVT_PUSH packet=0xffc9
T=1895 [Checker] PASS  [39] if=2 type=EVT_PUSH packet=0xffc9
[DRV 3] pop recibido @1920
[MON] POP  if=3 pkt=0xff4d @1925
T=1925 [Checker] PASS  [40] if=3 type=EVT_POP packet=0xff4d
[DRV 3] ofrecido pkt=0xffd7 @1940
[MON] PUSH if=1 pkt=0xffac @2095
[MON] PUSH if=2 pkt=0xffac @2095
[MON] PUSH if=3 pkt=0xffac @2095
T=2095 [Checker] PASS  [41] if=1 type=EVT_PUSH packet=0xffac
T=2095 [Checker] PASS  [42] if=2 type=EVT_PUSH packet=0xffac
T=2095 [Checker] PASS  [43] if=3 type=EVT_PUSH packet=0xffac
[DRV 0] pop recibido @2120
[MON] POP  if=0 pkt=0xffb6 @2125
T=2125 [Checker] PASS  [44] if=0 type=EVT_POP packet=0xffb6
[MON] PUSH if=0 pkt=0xffa0 @2295
[MON] PUSH if=2 pkt=0xffa0 @2295
[MON] PUSH if=3 pkt=0xffa0 @2295
T=2295 [Checker] PASS  [45] if=0 type=EVT_PUSH packet=0xffa0
T=2295 [Checker] PASS  [46] if=2 type=EVT_PUSH packet=0xffa0
T=2295 [Checker] PASS  [47] if=3 type=EVT_PUSH packet=0xffa0
[DRV 1] pop recibido @2320
[MON] POP  if=1 pkt=0xff20 @2325
T=2325 [Checker] PASS  [48] if=1 type=EVT_POP packet=0xff20
[DRV 1] ofrecido pkt=0xff68 @2390
[MON] PUSH if=0 pkt=0xff4b @2495
[MON] PUSH if=1 pkt=0xff4b @2495
[MON] PUSH if=3 pkt=0xff4b @2495
T=2495 [Checker] PASS  [49] if=0 type=EVT_PUSH packet=0xff4b
T=2495 [Checker] PASS  [50] if=1 type=EVT_PUSH packet=0xff4b
T=2495 [Checker] PASS  [51] if=3 type=EVT_PUSH packet=0xff4b
[DRV 2] pop recibido @2520
[MON] POP  if=2 pkt=0xff48 @2525
T=2525 [Checker] PASS  [52] if=2 type=EVT_POP packet=0xff48
[DRV 2] ofrecido pkt=0xff3f @2540
[MON] PUSH if=0 pkt=0xff4d @2695
[MON] PUSH if=1 pkt=0xff4d @2695
[MON] PUSH if=2 pkt=0xff4d @2695
T=2695 [Checker] PASS  [53] if=0 type=EVT_PUSH packet=0xff4d
T=2695 [Checker] PASS  [54] if=1 type=EVT_PUSH packet=0xff4d
T=2695 [Checker] PASS  [55] if=2 type=EVT_PUSH packet=0xff4d
[DRV 3] pop recibido @2720
[MON] POP  if=3 pkt=0xffd7 @2725
T=2725 [Checker] PASS  [56] if=3 type=EVT_POP packet=0xffd7
[DRV 3] ofrecido pkt=0xffa6 @2800
[MON] PUSH if=1 pkt=0xffb6 @2895
[MON] PUSH if=2 pkt=0xffb6 @2895
[MON] PUSH if=3 pkt=0xffb6 @2895
T=2895 [Checker] PASS  [57] if=1 type=EVT_PUSH packet=0xffb6
T=2895 [Checker] PASS  [58] if=2 type=EVT_PUSH packet=0xffb6
T=2895 [Checker] PASS  [59] if=3 type=EVT_PUSH packet=0xffb6
[MON] PUSH if=0 pkt=0xff20 @3095
[MON] PUSH if=2 pkt=0xff20 @3095
[MON] PUSH if=3 pkt=0xff20 @3095
T=3095 [Checker] PASS  [60] if=0 type=EVT_PUSH packet=0xff20
T=3095 [Checker] PASS  [61] if=2 type=EVT_PUSH packet=0xff20
T=3095 [Checker] PASS  [62] if=3 type=EVT_PUSH packet=0xff20
[DRV 1] pop recibido @3120
[MON] POP  if=1 pkt=0xff68 @3125
T=3125 [Checker] PASS  [63] if=1 type=EVT_POP packet=0xff68
[DRV 1] ofrecido pkt=0xff58 @3220
[MON] PUSH if=0 pkt=0xff48 @3295
[MON] PUSH if=1 pkt=0xff48 @3295
[MON] PUSH if=3 pkt=0xff48 @3295
T=3295 [Checker] PASS  [64] if=0 type=EVT_PUSH packet=0xff48
T=3295 [Checker] PASS  [65] if=1 type=EVT_PUSH packet=0xff48
T=3295 [Checker] PASS  [66] if=3 type=EVT_PUSH packet=0xff48
[DRV 2] pop recibido @3320
[MON] POP  if=2 pkt=0xff3f @3325
T=3325 [Checker] PASS  [67] if=2 type=EVT_POP packet=0xff3f
[DRV 2] ofrecido pkt=0xff10 @3370
[MON] PUSH if=0 pkt=0xffd7 @3495
[MON] PUSH if=1 pkt=0xffd7 @3495
[MON] PUSH if=2 pkt=0xffd7 @3495
T=3495 [Checker] PASS  [68] if=0 type=EVT_PUSH packet=0xffd7
T=3495 [Checker] PASS  [69] if=1 type=EVT_PUSH packet=0xffd7
T=3495 [Checker] PASS  [70] if=2 type=EVT_PUSH packet=0xffd7
[DRV 3] pop recibido @3520
[MON] POP  if=3 pkt=0xffa6 @3525
T=3525 [Checker] PASS  [71] if=3 type=EVT_POP packet=0xffa6
[DRV 3] ofrecido pkt=0xffe9 @3560
[MON] PUSH if=0 pkt=0xff68 @3705
[MON] PUSH if=2 pkt=0xff68 @3705
[MON] PUSH if=3 pkt=0xff68 @3705
T=3705 [Checker] PASS  [72] if=0 type=EVT_PUSH packet=0xff68
T=3705 [Checker] PASS  [73] if=2 type=EVT_PUSH packet=0xff68
T=3705 [Checker] PASS  [74] if=3 type=EVT_PUSH packet=0xff68
[DRV 1] pop recibido @3730
[MON] POP  if=1 pkt=0xff58 @3735
T=3735 [Checker] PASS  [75] if=1 type=EVT_POP packet=0xff58
[DRV 1] ofrecido pkt=0xff15 @3760
[MON] PUSH if=0 pkt=0xff3f @3905
[MON] PUSH if=1 pkt=0xff3f @3905
[MON] PUSH if=3 pkt=0xff3f @3905
T=3905 [Checker] PASS  [76] if=0 type=EVT_PUSH packet=0xff3f
T=3905 [Checker] PASS  [77] if=1 type=EVT_PUSH packet=0xff3f
T=3905 [Checker] PASS  [78] if=3 type=EVT_PUSH packet=0xff3f
[DRV 2] pop recibido @3930
[MON] POP  if=2 pkt=0xff10 @3935
T=3935 [Checker] PASS  [79] if=2 type=EVT_POP packet=0xff10
[DRV 2] ofrecido pkt=0xff98 @3960
[MON] PUSH if=0 pkt=0xffa6 @4105
[MON] PUSH if=1 pkt=0xffa6 @4105
[MON] PUSH if=2 pkt=0xffa6 @4105
T=4105 [Checker] PASS  [80] if=0 type=EVT_PUSH packet=0xffa6
T=4105 [Checker] PASS  [81] if=1 type=EVT_PUSH packet=0xffa6
T=4105 [Checker] PASS  [82] if=2 type=EVT_PUSH packet=0xffa6
[DRV 3] pop recibido @4130
[MON] POP  if=3 pkt=0xffe9 @4135
T=4135 [Checker] PASS  [83] if=3 type=EVT_POP packet=0xffe9
[DRV 3] ofrecido pkt=0xff7e @4200
[MON] PUSH if=0 pkt=0xff58 @4315
[MON] PUSH if=2 pkt=0xff58 @4315
[MON] PUSH if=3 pkt=0xff58 @4315
T=4315 [Checker] PASS  [84] if=0 type=EVT_PUSH packet=0xff58
T=4315 [Checker] PASS  [85] if=2 type=EVT_PUSH packet=0xff58
T=4315 [Checker] PASS  [86] if=3 type=EVT_PUSH packet=0xff58
[DRV 1] pop recibido @4340
[MON] POP  if=1 pkt=0xff15 @4345
T=4345 [Checker] PASS  [87] if=1 type=EVT_POP packet=0xff15
[DRV 1] ofrecido pkt=0xff08 @4450
[MON] PUSH if=0 pkt=0xff10 @4515
[MON] PUSH if=1 pkt=0xff10 @4515
[MON] PUSH if=3 pkt=0xff10 @4515
T=4515 [Checker] PASS  [88] if=0 type=EVT_PUSH packet=0xff10
T=4515 [Checker] PASS  [89] if=1 type=EVT_PUSH packet=0xff10
T=4515 [Checker] PASS  [90] if=3 type=EVT_PUSH packet=0xff10
[DRV 2] pop recibido @4540
[MON] POP  if=2 pkt=0xff98 @4545
T=4545 [Checker] PASS  [91] if=2 type=EVT_POP packet=0xff98
[DRV 2] ofrecido pkt=0xff29 @4610
[MON] PUSH if=0 pkt=0xffe9 @4715
[MON] PUSH if=1 pkt=0xffe9 @4715
[MON] PUSH if=2 pkt=0xffe9 @4715
T=4715 [Checker] PASS  [92] if=0 type=EVT_PUSH packet=0xffe9
T=4715 [Checker] PASS  [93] if=1 type=EVT_PUSH packet=0xffe9
T=4715 [Checker] PASS  [94] if=2 type=EVT_PUSH packet=0xffe9
[DRV 3] pop recibido @4740
[MON] POP  if=3 pkt=0xff7e @4745
T=4745 [Checker] PASS  [95] if=3 type=EVT_POP packet=0xff7e
[DRV 3] ofrecido pkt=0xff6b @4840
[MON] PUSH if=0 pkt=0xff15 @4925
[MON] PUSH if=2 pkt=0xff15 @4925
[MON] PUSH if=3 pkt=0xff15 @4925
T=4925 [Checker] PASS  [96] if=0 type=EVT_PUSH packet=0xff15
T=4925 [Checker] PASS  [97] if=2 type=EVT_PUSH packet=0xff15
T=4925 [Checker] PASS  [98] if=3 type=EVT_PUSH packet=0xff15
[DRV 1] pop recibido @4950
[MON] POP  if=1 pkt=0xff08 @4955
T=4955 [Checker] PASS  [99] if=1 type=EVT_POP packet=0xff08
[DRV 1] ofrecido pkt=0xff8f @5050
[MON] PUSH if=0 pkt=0xff98 @5125
[MON] PUSH if=1 pkt=0xff98 @5125
[MON] PUSH if=3 pkt=0xff98 @5125
T=5125 [Checker] PASS  [100] if=0 type=EVT_PUSH packet=0xff98
T=5125 [Checker] PASS  [101] if=1 type=EVT_PUSH packet=0xff98
T=5125 [Checker] PASS  [102] if=3 type=EVT_PUSH packet=0xff98
[DRV 2] pop recibido @5150
[MON] POP  if=2 pkt=0xff29 @5155
T=5155 [Checker] PASS  [103] if=2 type=EVT_POP packet=0xff29
[DRV 2] ofrecido pkt=0xffb8 @5240
[MON] PUSH if=0 pkt=0xff7e @5325
[MON] PUSH if=1 pkt=0xff7e @5325
[MON] PUSH if=2 pkt=0xff7e @5325
T=5325 [Checker] PASS  [104] if=0 type=EVT_PUSH packet=0xff7e
T=5325 [Checker] PASS  [105] if=1 type=EVT_PUSH packet=0xff7e
T=5325 [Checker] PASS  [106] if=2 type=EVT_PUSH packet=0xff7e
[DRV 3] pop recibido @5350
[MON] POP  if=3 pkt=0xff6b @5355
T=5355 [Checker] PASS  [107] if=3 type=EVT_POP packet=0xff6b
[DRV 3] ofrecido pkt=0xff36 @5380
[MON] PUSH if=0 pkt=0xff08 @5535
[MON] PUSH if=2 pkt=0xff08 @5535
[MON] PUSH if=3 pkt=0xff08 @5535
T=5535 [Checker] PASS  [108] if=0 type=EVT_PUSH packet=0xff08
T=5535 [Checker] PASS  [109] if=2 type=EVT_PUSH packet=0xff08
T=5535 [Checker] PASS  [110] if=3 type=EVT_PUSH packet=0xff08
[DRV 1] pop recibido @5560
[MON] POP  if=1 pkt=0xff8f @5565
T=5565 [Checker] PASS  [111] if=1 type=EVT_POP packet=0xff8f
[DRV 1] ofrecido pkt=0xffbe @5640
[MON] PUSH if=0 pkt=0xff29 @5735
[MON] PUSH if=1 pkt=0xff29 @5735
[MON] PUSH if=3 pkt=0xff29 @5735
T=5735 [Checker] PASS  [112] if=0 type=EVT_PUSH packet=0xff29
T=5735 [Checker] PASS  [113] if=1 type=EVT_PUSH packet=0xff29
T=5735 [Checker] PASS  [114] if=3 type=EVT_PUSH packet=0xff29
[DRV 2] pop recibido @5760
[MON] POP  if=2 pkt=0xffb8 @5765
T=5765 [Checker] PASS  [115] if=2 type=EVT_POP packet=0xffb8
[MON] PUSH if=0 pkt=0xff6b @5935
[MON] PUSH if=1 pkt=0xff6b @5935
[MON] PUSH if=2 pkt=0xff6b @5935
T=5935 [Checker] PASS  [116] if=0 type=EVT_PUSH packet=0xff6b
T=5935 [Checker] PASS  [117] if=1 type=EVT_PUSH packet=0xff6b
T=5935 [Checker] PASS  [118] if=2 type=EVT_PUSH packet=0xff6b
[DRV 3] pop recibido @5960
[MON] POP  if=3 pkt=0xff36 @5965
T=5965 [Checker] PASS  [119] if=3 type=EVT_POP packet=0xff36
[DRV 3] ofrecido pkt=0xffd9 @5990
[MON] PUSH if=0 pkt=0xff8f @6145
[MON] PUSH if=2 pkt=0xff8f @6145
[MON] PUSH if=3 pkt=0xff8f @6145
T=6145 [Checker] PASS  [120] if=0 type=EVT_PUSH packet=0xff8f
T=6145 [Checker] PASS  [121] if=2 type=EVT_PUSH packet=0xff8f
T=6145 [Checker] PASS  [122] if=3 type=EVT_PUSH packet=0xff8f
[DRV 1] pop recibido @6170
[MON] POP  if=1 pkt=0xffbe @6175
T=6175 [Checker] PASS  [123] if=1 type=EVT_POP packet=0xffbe
[DRV 1] ofrecido pkt=0xff11 @6200
[MON] PUSH if=0 pkt=0xffb8 @6345
[MON] PUSH if=1 pkt=0xffb8 @6345
[MON] PUSH if=3 pkt=0xffb8 @6345
T=6345 [Checker] PASS  [124] if=0 type=EVT_PUSH packet=0xffb8
T=6345 [Checker] PASS  [125] if=1 type=EVT_PUSH packet=0xffb8
T=6345 [Checker] PASS  [126] if=3 type=EVT_PUSH packet=0xffb8
[MON] PUSH if=0 pkt=0xff36 @6545
[MON] PUSH if=1 pkt=0xff36 @6545
[MON] PUSH if=2 pkt=0xff36 @6545
T=6545 [Checker] PASS  [127] if=0 type=EVT_PUSH packet=0xff36
T=6545 [Checker] PASS  [128] if=1 type=EVT_PUSH packet=0xff36
T=6545 [Checker] PASS  [129] if=2 type=EVT_PUSH packet=0xff36
[DRV 3] pop recibido @6570
[MON] POP  if=3 pkt=0xffd9 @6575
T=6575 [Checker] PASS  [130] if=3 type=EVT_POP packet=0xffd9
[DRV 3] ofrecido pkt=0xffae @6600
[MON] PUSH if=0 pkt=0xffbe @6755
[MON] PUSH if=2 pkt=0xffbe @6755
[MON] PUSH if=3 pkt=0xffbe @6755
T=6755 [Checker] PASS  [131] if=0 type=EVT_PUSH packet=0xffbe
T=6755 [Checker] PASS  [132] if=2 type=EVT_PUSH packet=0xffbe
T=6755 [Checker] PASS  [133] if=3 type=EVT_PUSH packet=0xffbe
[DRV 1] pop recibido @6780
[MON] POP  if=1 pkt=0xff11 @6785
T=6785 [Checker] PASS  [134] if=1 type=EVT_POP packet=0xff11
[DRV 1] ofrecido pkt=0xff7c @6830
[MON] PUSH if=0 pkt=0xffd9 @6965
[MON] PUSH if=1 pkt=0xffd9 @6965
[MON] PUSH if=2 pkt=0xffd9 @6965
T=6965 [Checker] PASS  [135] if=0 type=EVT_PUSH packet=0xffd9
T=6965 [Checker] PASS  [136] if=1 type=EVT_PUSH packet=0xffd9
T=6965 [Checker] PASS  [137] if=2 type=EVT_PUSH packet=0xffd9
[DRV 3] pop recibido @6990
[MON] POP  if=3 pkt=0xffae @6995
T=6995 [Checker] PASS  [138] if=3 type=EVT_POP packet=0xffae
[DRV 3] ofrecido pkt=0xffb0 @7100
[MON] PUSH if=0 pkt=0xff11 @7175
[MON] PUSH if=2 pkt=0xff11 @7175
[MON] PUSH if=3 pkt=0xff11 @7175
T=7175 [Checker] PASS  [139] if=0 type=EVT_PUSH packet=0xff11
T=7175 [Checker] PASS  [140] if=2 type=EVT_PUSH packet=0xff11
T=7175 [Checker] PASS  [141] if=3 type=EVT_PUSH packet=0xff11
[DRV 1] pop recibido @7200
[MON] POP  if=1 pkt=0xff7c @7205
T=7205 [Checker] PASS  [142] if=1 type=EVT_POP packet=0xff7c
[DRV 1] ofrecido pkt=0xffef @7260
[MON] PUSH if=0 pkt=0xffae @7385
[MON] PUSH if=1 pkt=0xffae @7385
[MON] PUSH if=2 pkt=0xffae @7385
T=7385 [Checker] PASS  [143] if=0 type=EVT_PUSH packet=0xffae
T=7385 [Checker] PASS  [144] if=1 type=EVT_PUSH packet=0xffae
T=7385 [Checker] PASS  [145] if=2 type=EVT_PUSH packet=0xffae
[DRV 3] pop recibido @7410
[MON] POP  if=3 pkt=0xffb0 @7415
T=7415 [Checker] PASS  [146] if=3 type=EVT_POP packet=0xffb0
[DRV 3] ofrecido pkt=0xff8e @7500
[MON] PUSH if=0 pkt=0xff7c @7595
[MON] PUSH if=2 pkt=0xff7c @7595
[MON] PUSH if=3 pkt=0xff7c @7595
T=7595 [Checker] PASS  [147] if=0 type=EVT_PUSH packet=0xff7c
T=7595 [Checker] PASS  [148] if=2 type=EVT_PUSH packet=0xff7c
T=7595 [Checker] PASS  [149] if=3 type=EVT_PUSH packet=0xff7c
[DRV 1] pop recibido @7620
[MON] POP  if=1 pkt=0xffef @7625
T=7625 [Checker] PASS  [150] if=1 type=EVT_POP packet=0xffef
[MON] PUSH if=0 pkt=0xffb0 @7805
[MON] PUSH if=1 pkt=0xffb0 @7805
[MON] PUSH if=2 pkt=0xffb0 @7805
T=7805 [Checker] PASS  [151] if=0 type=EVT_PUSH packet=0xffb0
T=7805 [Checker] PASS  [152] if=1 type=EVT_PUSH packet=0xffb0
T=7805 [Checker] PASS  [153] if=2 type=EVT_PUSH packet=0xffb0
[DRV 3] pop recibido @7830
[MON] POP  if=3 pkt=0xff8e @7835
T=7835 [Checker] PASS  [154] if=3 type=EVT_POP packet=0xff8e
[DRV 3] ofrecido pkt=0xff16 @7930
[MON] PUSH if=0 pkt=0xffef @8015
[MON] PUSH if=2 pkt=0xffef @8015
[MON] PUSH if=3 pkt=0xffef @8015
T=8015 [Checker] PASS  [155] if=0 type=EVT_PUSH packet=0xffef
T=8015 [Checker] PASS  [156] if=2 type=EVT_PUSH packet=0xffef
T=8015 [Checker] PASS  [157] if=3 type=EVT_PUSH packet=0xffef
[MON] PUSH if=0 pkt=0xff8e @8225
[MON] PUSH if=1 pkt=0xff8e @8225
[MON] PUSH if=2 pkt=0xff8e @8225
T=8225 [Checker] PASS  [158] if=0 type=EVT_PUSH packet=0xff8e
T=8225 [Checker] PASS  [159] if=1 type=EVT_PUSH packet=0xff8e
T=8225 [Checker] PASS  [160] if=2 type=EVT_PUSH packet=0xff8e
[DRV 3] pop recibido @8250
[MON] POP  if=3 pkt=0xff16 @8255
T=8255 [Checker] PASS  [161] if=3 type=EVT_POP packet=0xff16
[MON] PUSH if=0 pkt=0xff16 @8475
[MON] PUSH if=1 pkt=0xff16 @8475
[MON] PUSH if=2 pkt=0xff16 @8475
T=8475 [Checker] PASS  [162] if=0 type=EVT_PUSH packet=0xff16
T=8475 [Checker] PASS  [163] if=1 type=EVT_PUSH packet=0xff16
T=8475 [Checker] PASS  [164] if=2 type=EVT_PUSH packet=0xff16
[TB] trafico terminado @9405

================================================================
  CHECKER - REPORTE FINAL   @9405 ns
================================================================
  Transacciones correctas  : 164
  Transacciones con error  : 0
  Esperados no observados  : 0
  Retardo pop->push (ns)   : min=190  max=770  prom=587.8  (123 paquetes recibidos)
  Reporte CSV              : escrito (123 filas)
  Round Robin              : 76 verificaciones, 0 violaciones
----------------------------------------------------------------
  >>  RESULTADO: ** PASS ** - sin errores detectados
================================================================

[TB] fin de simulacion @9405
$finish called from file "/mnt/vol_NFS_rh003/Est_Veri_II2026/CASTRO_VELASQUEZ_ERIC_VeriII26/P1/Verificacion_funcional_2026/EDA_VCS/testbench.sv", line 249.
$finish at simulation time                 9405
           V C S   S i m u l a t i o n   R e p o r t 
Time: 9405 ns
CPU Time:      1.020 seconds;       Data structure size:   0.9Mb
Wed Sep 30 23:18:53 2026
