version: (200506)

available memory: 64M bytes
used memory: 442368 bytes [need 432K bytes if disable swap]

used block: 26 [memory(26) file(0)]
                 [ 8K(22) 64K(4) { total 432K bytes } ]
overhead: (9572) bytes for (26) blocks [Average: (368) bytes/block]

write  => 0(times) 0K(bytes) [0K bytes to file]
read   => 4(times) 164K(bytes) [28K bytes compressed data from file]
access => 541433(times) 4281M(bytes)
          [hit ratio: 99.9993%]

time: write(0) read(0)  unit: second

swap file directory: (/mnt/vol_NFS_rh003/Est_Veri_II2026/CASTRO_VELASQUEZ_ERIC_VeriII26/P1/Verificacion_funcional_2026/EDA_VCS/sim/unicast/verdiLog)
used swap file number: (6)



swap file manager:
arrSize: (256)
idxCnt: (7)
closeHead: (1)
closeTail: (5)
openCnt: (5)
fid(6): fd(1073741826) fileName(/mnt/vol_NFS_rh003/Est_Veri_II2026/CASTRO_VELASQUEZ_ERIC_VeriII26/P1/Verificacion_funcional_2026/EDA_VCS/sim/unicast/simv.daidir/kdb.elab++/work.lib++/bus_if.sv#inc___vcs_unit__1__4#.tdc)
	size(2778) lastModTime(1790870659) curModTime(1790870659)
	mode(rb)	hot(5) cool(4) pos(0)
fid(5): fd(1073741827) fileName(/mnt/vol_NFS_rh003/Est_Veri_II2026/CASTRO_VELASQUEZ_ERIC_VeriII26/P1/Verificacion_funcional_2026/EDA_VCS/sim/unicast/simv.daidir/kdb.elab++/work.lib++/testbench.sv.tdc)
	size(11330) lastModTime(1790870659) curModTime(1790870659)
	mode(rb)	hot(0) cool(6) pos(0)
fid(4): fd(1073741825) fileName(/mnt/vol_NFS_rh003/Est_Veri_II2026/CASTRO_VELASQUEZ_ERIC_VeriII26/P1/Verificacion_funcional_2026/EDA_VCS/sim/unicast/simv.daidir/kdb.elab++/work.lib++/Library.sv#inc___vcs_unit__1__1#.tdc)
	size(42870) lastModTime(1790870659) curModTime(1790870659)
	mode(rb)	hot(6) cool(2) pos(0)
fid(3): fd(0) fileName(/mnt/vol_NFS_rh003/Est_Veri_II2026/CASTRO_VELASQUEZ_ERIC_VeriII26/P1/Verificacion_funcional_2026/EDA_VCS/sim/unicast/simv.daidir/kdb.elab++/work.lib++/tx_transaction.sv#inc___vcs_unit__1__5#.tdc)
	size(4102) lastModTime(1790870659) curModTime(1790870659)
	mode(rb)	hot(0) cool(0) pos(0)
fid(2): fd(25) fileName(/mnt/vol_NFS_rh003/Est_Veri_II2026/CASTRO_VELASQUEZ_ERIC_VeriII26/P1/Verificacion_funcional_2026/EDA_VCS/sim/unicast/verdiLog/_swap_0001#8323328#490388)
	size(0) lastModTime(0) curModTime(1790870675)
	mode(w+b)	hot(4) cool(1) pos(0)
fid(1): fd(1073741824) fileName(/mnt/vol_NFS_rh003/Est_Veri_II2026/CASTRO_VELASQUEZ_ERIC_VeriII26/P1/Verificacion_funcional_2026/EDA_VCS/sim/unicast/simv.daidir/kdb.elab++/work.lib++/fifo.sv#inc___vcs_unit__1__2#.tdc)
	size(26576) lastModTime(1790870659) curModTime(1790870659)
	mode(rb)	hot(2) cool(0) pos(0)
fid(0): fd(0) fileName(NULL)
	mode(NULL)	hot(0) cool(0) pos(0)
==================================================
mySelf(182309c0) pre(16e707d0) next(0)
version(200506)
date(May 19 2021 05:00:27)
