Command Line: /mnt/vol_NFS_rh003/tools/verdi/R-2020.12-SP2/platform/LINUXAMD64/bin/Novas -dbdir simv.daidir -ssf waves.fsdb
uname(Linux redhat003 4.18.0-553.74.1.el8_10.x86_64 #1 SMP Sun Sep 7 09:23:35 EDT 2025 x86_64)
type= DS_SIGNAL element= 1 field= 2
VERILOG tb_top
VERILOG dut
VERILOG pndng[0:0]
-----
second field= signal
type= DS_STRING
pndng[0:0]
type= DS_SIGNAL element= 1 field= 2
VERILOG tb_top
VERILOG dut
VERILOG BUS[0]
VERILOG ID[0]
VERILOG ntrfs
VERILOG pndng
-----
second field= signal
type= DS_STRING
pndng
type= DS_SIGNAL element= 1 field= 2
VERILOG tb_top
VERILOG dut
VERILOG BUS[0]
VERILOG ID[1]
VERILOG ntrfs
VERILOG pndng
-----
second field= signal
type= DS_STRING
pndng
type= DS_SIGNAL element= 1 field= 2
VERILOG tb_top
VERILOG bus_if_inst
VERILOG pndng[0][3:0]
-----
second field= signal
type= DS_STRING
pndng[0][3:0]
type= DS_SIGNAL element= 4 field= 2
VERILOG tb_top
VERILOG bus_if_inst
VERILOG pndng[0][3]
-----
second field= signal
VERILOG tb_top
VERILOG bus_if_inst
VERILOG pndng[0][2]
-----
second field= signal
VERILOG tb_top
VERILOG bus_if_inst
VERILOG pndng[0][1]
-----
second field= signal
VERILOG tb_top
VERILOG bus_if_inst
VERILOG pndng[0][0]
-----
second field= signal
type= DS_STRING
pndng[0][3] pndng[0][2] pndng[0][1] pndng[0][0]
au time 8481.536568 74.587003 78.600897 delta 324435968 324435968 total 813084672 813084672
